1. Запуск приложения: Открываем http://localhost:5173/
Приложение успешно загружено.
2. Создание турнира: Кликаем Начать турнир.
ОШИБКА: Waiting for selector `.launch-card button.btn-primary` failed